---
source: compiler-core/src/javascript/tests/custom_types.rs
expression: "\npub type TypeWithALongNameAndSeveralArguments{\n  TypeWithALongNameAndSeveralArguments(String, String, String, a: String, b: String)\n}\n\npub const local = TypeWithALongNameAndSeveralArguments(\"one\", \"two\", \"three\", \"four\", \"five\")\n"
---
import * as _ from "../gleam.d.ts";

export const local: TypeWithALongNameAndSeveralArguments$;

export class TypeWithALongNameAndSeveralArguments extends _.CustomType {
  constructor(
    argument$0: string,
    argument$1: string,
    argument$2: string,
    a: string,
    b: string
  );
  
  x0: string;
  x1: string;
  x2: string;
  a: string;
  b: string;
}

export type TypeWithALongNameAndSeveralArguments$ = TypeWithALongNameAndSeveralArguments;

